Microchip MPLAB XC8 Compiler V2.41

Linker command line:

-W-3 \
  --edf=C:/Program Files/Microchip/MPLABX/v6.10/packs/Microchip/PIC18Fxxxx_DFP/1.4.151/xc8\pic\dat\20230323171731_en.msgs \
  -cn -h+dist/default/debug\Fan_speed_Controller.X.debug.sym \
  --cmf=dist/default/debug\Fan_speed_Controller.X.debug.cmf -z -Q18F4620 \
  -oC:\Users\m7md\AppData\Local\Temp\xcBs9m4.1\driver_tmp_3.o \
  --defsym=__MPLAB_BUILD=1 --fixupoverflow=error \
  -Mdist/default/debug/Fan_speed_Controller.X.debug.map \
  --md=C:\Users\m7md\AppData\Local\Temp\xcBs9m4.1\driver_tmp_0.dat -E1 \
  -ver=XC8 Compiler --acfsm=1493 -ACODE=00h-0FFFFh -ACONST=00h-0FFFFh \
  -ASMALLCONST=01000h-010FFhx240 -AMEDIUMCONST=01000h-0FFFFh \
  -ACOMRAM=01h-07Fh -AABS1=00h-0F7Fh -ABIGRAM=01h-0F7Fh \
  -ARAM=080h-0FFh,0100h-01FFhx14,0F00h-0F7Fh -ABANK0=080h-0FFh \
  -ABANK1=0100h-01FFh -ABANK2=0200h-02FFh -ABANK3=0300h-03FFh \
  -ABANK4=0400h-04FFh -ABANK5=0500h-05FFh -ABANK6=0600h-06FFh \
  -ABANK7=0700h-07FFh -ABANK8=0800h-08FFh -ABANK9=0900h-09FFh \
  -ABANK10=0A00h-0AFFh -ABANK11=0B00h-0BFFh -ABANK12=0C00h-0CFFh \
  -ABANK13=0D00h-0DFFh -ABANK14=0E00h-0EFFh -ABANK15=0F00h-0F7Fh \
  -ASFR=0F80h-0FFFh -ABIGSFR=0F80h-0FFFh -ACONFIG=0300000h-030000Dh \
  -AIDLOC=0200000h-0200007h -AEEDATA=0F00000h-0F003FFh -peeprom_data=EEDATA \
  -preset_vec=00h,intcode,intcodelo,powerup,init -pramtop=01000h \
  -psmallconst=SMALLCONST -pmediumconst=MEDIUMCONST -pconst=CONST \
  -AFARRAM=00h-00h \
  -prdata=COMRAM,nvrram=COMRAM,nvbit=COMRAM,rbss=COMRAM,rbit=COMRAM \
  -pfarbss=FARRAM,fardata=FARRAM,nvFARRAM=FARRAM \
  -pintsave_regs=BIGRAM,bigbss=BIGRAM,bigdata=BIGRAM -pbss=RAM \
  -pidata=CODE,irdata=CODE,ibigdata=CODE,ifardata=CODE -prparam=COMRAM \
  C:\Users\m7md\AppData\Local\Temp\xcBs9m4.1\driver_tmp_14.o \
  dist/default/debug\Fan_speed_Controller.X.debug.o 

Object code version is 3.11

Machine type is 18F4620



                Name                               Link     Load   Length Selector   Space Scale
C:\Users\m7md\AppData\Local\Temp\xcBs9m4.1\driver_tmp_14.o
                init                                  0        0        4        0       0
dist/default/debug\Fan_speed_Controller.X.debug.o
                smallconst                         1000     1000       28      800       0
                text47                             2FC2     2FC2       D2      814       0
                text46                             2EDC     2EDC       E6      814       0
                text45                             3A32     3A32       4C      814       0
                text44                             3D78     3D78       20      814       0
                text43                             3868     3868       6C      814       0
                text42                             1CC0     1CC0      39A      814       0
                text41                             14E8     14E8      42A      814       0
                text40                             2BEC     2BEC      106      814       0
                text39                             22D4     22D4      1B4      814       0
                text38                             2ACE     2ACE      11E      814       0
                text37                             3094     3094       CE      814       0
                text36                             33A0     33A0       A4      814       0
                text35                             38D4     38D4       6A      814       0
                text34                             2DF6     2DF6       E6      814       0
                text33                             261C     261C      144      814       0
                text32                             2760     2760      12C      814       0
                text31                             37FC     37FC       6C      814       0
                text30                             3A7E     3A7E       4A      814       0
                text29                             3686     3686       88      814       0
                text28                             29AE     29AE      120      814       0
                text27                             3D0E     3D0E       38      814       0
                text26                             3788     3788       74      814       0
                text25                             3C98     3C98       3E      814       0
                text24                             35FE     35FE       88      814       0
                text23                             3444     3444       9A      814       0
                text22                             3C58     3C58       40      814       0
                text21                             34DE     34DE       96      814       0
                text20                             3B52     3B52       44      814       0
                text19                             3B96     3B96       42      814       0
                text18                             322C     322C       C4      814       0
                text17                             32F0     32F0       B0      814       0
                text16                             3C18     3C18       40      814       0
                text15                             3D9A     3D9A        2      814       0
                text14                             3162     3162       CA      814       0
                text13                             3B0E     3B0E       44      814       0
                text12                             370E     370E       7A      814       0
                text11                             2488     2488      194      814       0
                text10                             288C     288C      122      814       0
                text9                              3998     3998       4E      814       0
                text8                              39E6     39E6       4C      814       0
                text7                              3574     3574       8A      814       0
                text6                              3BD8     3BD8       40      814       0
                text5                              2CF2     2CF2      104      814       0
                text4                              3CD6     3CD6       38      814       0
                text3                              1028     1028      4C0      814       0
                text2                              3AC8     3AC8       46      814       0
                text1                              1912     1912      3AE      814       0
                text0                              205A     205A      27A      814       0
                cstackCOMRAM                          1        1       6E        1       1
                dataBANK0                            80       80       32       80       1
                bssBANK0                             B2       B2       27       80       1
                dataCOMRAM                           7E       7E        2        1       1
                bssCOMRAM                            6F       6F        D        1       1
                cinit                              393E     393E       5A      814       0
                nvCOMRAM                             7C       7C        2        1       1
                idataBANK0                         3D46     3D46       32      814       0
                idataCOMRAM                        3D98     3D98        2      814       0

TOTAL           Name                               Link     Load   Length     Space
        CLASS   CODE           
                init                                  0        0        4         0
                text47                             2FC2     2FC2       D2         0
                text46                             2EDC     2EDC       E6         0
                text45                             3A32     3A32       4C         0
                text44                             3D78     3D78       20         0
                text43                             3868     3868       6C         0
                text42                             1CC0     1CC0      39A         0
                text41                             14E8     14E8      42A         0
                text40                             2BEC     2BEC      106         0
                text39                             22D4     22D4      1B4         0
                text38                             2ACE     2ACE      11E         0
                text37                             3094     3094       CE         0
                text36                             33A0     33A0       A4         0
                text35                             38D4     38D4       6A         0
                text34                             2DF6     2DF6       E6         0
                text33                             261C     261C      144         0
                text32                             2760     2760      12C         0
                text31                             37FC     37FC       6C         0
                text30                             3A7E     3A7E       4A         0
                text29                             3686     3686       88         0
                text28                             29AE     29AE      120         0
                text27                             3D0E     3D0E       38         0
                text26                             3788     3788       74         0
                text25                             3C98     3C98       3E         0
                text24                             35FE     35FE       88         0
                text23                             3444     3444       9A         0
                text22                             3C58     3C58       40         0
                text21                             34DE     34DE       96         0
                text20                             3B52     3B52       44         0
                text19                             3B96     3B96       42         0
                text18                             322C     322C       C4         0
                text17                             32F0     32F0       B0         0
                text16                             3C18     3C18       40         0
                text15                             3D9A     3D9A        2         0
                text14                             3162     3162       CA         0
                text13                             3B0E     3B0E       44         0
                text12                             370E     370E       7A         0
                text11                             2488     2488      194         0
                text10                             288C     288C      122         0
                text9                              3998     3998       4E         0
                text8                              39E6     39E6       4C         0
                text7                              3574     3574       8A         0
                text6                              3BD8     3BD8       40         0
                text5                              2CF2     2CF2      104         0
                text4                              3CD6     3CD6       38         0
                text3                              1028     1028      4C0         0
                text2                              3AC8     3AC8       46         0
                text1                              1912     1912      3AE         0
                text0                              205A     205A      27A         0
                cinit                              393E     393E       5A         0
                idataBANK0                         3D46     3D46       32         0
                idataCOMRAM                        3D98     3D98        2         0

        CLASS   CONST          

        CLASS   SMALLCONST     
                smallconst                         1000     1000       28         0

        CLASS   MEDIUMCONST    

        CLASS   COMRAM         
                cstackCOMRAM                          1        1       6E         1
                dataCOMRAM                           7E       7E        2         1
                bssCOMRAM                            6F       6F        D         1
                nvCOMRAM                             7C       7C        2         1

        CLASS   ABS1           

        CLASS   BIGRAM         

        CLASS   RAM            

        CLASS   BANK0          
                dataBANK0                            80       80       32         1
                bssBANK0                             B2       B2       27         1

        CLASS   BANK1          

        CLASS   BANK2          

        CLASS   BANK3          

        CLASS   BANK4          

        CLASS   BANK5          

        CLASS   BANK6          

        CLASS   BANK7          

        CLASS   BANK8          

        CLASS   BANK9          

        CLASS   BANK10         

        CLASS   BANK11         

        CLASS   BANK12         

        CLASS   BANK13         

        CLASS   BANK14         

        CLASS   BANK15         

        CLASS   SFR            

        CLASS   BIGSFR         

        CLASS   CONFIG         

        CLASS   IDLOC          

        CLASS   EEDATA         

        CLASS   FARRAM         

        CLASS   HEAP           

        CLASS   STACK          



SEGMENTS        Name                           Load    Length   Top    Selector   Space  Class

                reset_vec                      000000  000004  000004         0       0  CODE    
                cstackCOMRAM                   000001  00007F  000080         1       1  COMRAM  
                dataBANK0                      000080  000059  0000D9        80       1  BANK0   
                smallconst                     001000  000028  001028       800       0  SMALLCON
                text3                          001028  002D74  003D9C       814       0  CODE    


UNUSED ADDRESS RANGES

        Name                Unused          Largest block    Delta
        BANK0            00D9-00FF             27
        BANK1            0100-01FF            100
        BANK10           0A00-0AFF            100
        BANK11           0B00-0BFF            100
        BANK12           0C00-0CFF            100
        BANK13           0D00-0DFF            100
        BANK14           0E00-0EFF            100
        BANK15           0F00-0F7F             80
        BANK2            0200-02FF            100
        BANK3            0300-03FF            100
        BANK4            0400-04FF            100
        BANK5            0500-05FF            100
        BANK6            0600-06FF            100
        BANK7            0700-07FF            100
        BANK8            0800-08FF            100
        BANK9            0900-09FF            100
        BIGRAM           00D9-0F7F            EA7
        BIGSFR           0F80-0FFF             80
        CODE             0004-0FFF            FFC
                         3D9C-FFFF           C264
        CONFIG           300000-30000D              E
        CONST            0004-0FFF            FFC
                         3D9C-FFFF           C264
        EEDATA           F00000-F003FF            400
        IDLOC            200000-200007              8
        MEDIUMCONST      3D9C-FFFF           C264
        RAM              00D9-0F7F            100
        SFR              0F80-0FFF             80
        SMALLCONST       3D9C-FFFF            100

                                  Symbol Table

?___awdiv                                cstackCOMRAM 0001
?___awmod                                cstackCOMRAM 0001
?___fladd                                cstackCOMRAM 0001
?___fldiv                                cstackCOMRAM 000F
?___flmul                                cstackCOMRAM 0028
?___flneg                                cstackCOMRAM 0001
?___flsub                                cstackCOMRAM 0011
?___fltol                                cstackCOMRAM 005B
?___lldiv                                cstackCOMRAM 000D
?___lmul                                 cstackCOMRAM 0001
?___xxtofl                               cstackCOMRAM 0001
?_abs                                    cstackCOMRAM 0007
?_roundf                                 cstackCOMRAM 0041
?_sprintf                                cstackCOMRAM 003F
?_vfprintf                               cstackCOMRAM 0037
ADC_Configure_Channel_pin@channel        cstackCOMRAM 0003
ADC_Configure_Channel_pin@ret            cstackCOMRAM 0004
ADC_getConversionBlocking@_adc           cstackCOMRAM 000B
ADC_getConversionBlocking@channel        cstackCOMRAM 000D
ADC_getConversionBlocking@result         cstackCOMRAM 000E
ADC_getConversionBlocking@ret            cstackCOMRAM 0010
ADC_getConversionResult@_adc             cstackCOMRAM 0001
ADC_getConversionResult@result           cstackCOMRAM 0003
ADC_intialize@_adc                       cstackCOMRAM 0005
ADC_intialize@ret                        cstackCOMRAM 0008
ADC_selectChannel@_adc                   cstackCOMRAM 0005
ADC_selectChannel@channel                cstackCOMRAM 0007
ADC_selectChannel@ret                    cstackCOMRAM 0009
ADC_startConversion@_adc                 cstackCOMRAM 0001
ADC_startConversion@ret                  cstackCOMRAM 0003
CCP1_PWM_Intialize@pwm                   cstackCOMRAM 001A
CCP1_PWM_Intialize@ret                   cstackCOMRAM 0025
CCP1_PWM_Set_Duty@duty                   cstackCOMRAM 006E
CCP1_PWM_Set_Duty@duty_cycle             cstackCOMRAM 006C
CCP1_PWM_Set_Duty@ret                    cstackCOMRAM 006B
_ADCON0bits                              (abs)        0FC2
_ADCON1bits                              (abs)        0FC1
_ADCON2bits                              (abs)        0FC0
_ADC_Configure_Channel_pin               text46       2EDC
_ADC_getConversionBlocking               text43       3868
_ADC_getConversionResult                 text47       2FC2
_ADC_intialize                           text37       3094
_ADC_selectChannel                       text45       3A32
_ADC_startConversion                     text44       3D78
_ADRESH                                  (abs)        0FC4
_ADRESL                                  (abs)        0FC3
_CCP1CONbits                             (abs)        0FBD
_CCP1_PWM_Intialize                      text34       2DF6
_CCP1_PWM_Intialize$1711                 cstackCOMRAM 0021
_CCP1_PWM_Set_Duty                       text38       2ACE
_CCP1_PWM_Set_Duty$1712                  cstackCOMRAM 0067
_CCPR1L                                  (abs)        0FBE
_LATA                                    (abs)        0F89
_LATB                                    (abs)        0F8A
_LATC                                    (abs)        0F8B
_LATD                                    (abs)        0F8C
_LATE                                    (abs)        0F8D
_PORTA                                   (abs)        0F80
_PORTC                                   (abs)        0F82
_PORTD                                   (abs)        0F83
_PORTE                                   (abs)        0F84
_PR2                                     (abs)        0FCB
_T2CONbits                               (abs)        0FCA
_TMR2                                    (abs)        0FCC
_TRISA                                   (abs)        0F92
_TRISB                                   (abs)        0F93
_TRISC                                   (abs)        0F94
_TRISCbits                               (abs)        0F94
_TRISD                                   (abs)        0F95
_TRISE                                   (abs)        0F96
__HRAM                                   (abs)        0000
__H__absolute__                          __absolute__ 0000
__Habs1                                  abs1         0000
__Hbank0                                 bank0        0000
__Hbank1                                 bank1        0000
__Hbank10                                bank10       0000
__Hbank11                                bank11       0000
__Hbank12                                bank12       0000
__Hbank13                                bank13       0000
__Hbank14                                bank14       0000
__Hbank15                                bank15       0000
__Hbank2                                 bank2        0000
__Hbank3                                 bank3        0000
__Hbank4                                 bank4        0000
__Hbank5                                 bank5        0000
__Hbank6                                 bank6        0000
__Hbank7                                 bank7        0000
__Hbank8                                 bank8        0000
__Hbank9                                 bank9        0000
__Hbigbss                                bigbss       0000
__Hbigdata                               bigdata      0000
__Hbigram                                bigram       0000
__Hbigsfr                                bigsfr       0000
__Hbss                                   bss          0000
__HbssBANK0                              bssBANK0     0000
__HbssCOMRAM                             bssCOMRAM    0000
__Hcinit                                 cinit        0000
__Hclrtext                               clrtext      0000
__Hcomram                                comram       0000
__Hconfig                                config       0000
__Hconst                                 const        0000
__HcstackCOMRAM                          cstackCOMRAM 0000
__Hdata                                  data         0000
__HdataBANK0                             dataBANK0    0000
__HdataCOMRAM                            dataCOMRAM   0000
__Heeprom_data                           eeprom_data  0000
__Hfarbss                                farbss       0000
__Hfardata                               fardata      0000
__Hheap                                  heap         0000
__Hibigdata                              ibigdata     0000
__Hidata                                 idata        0000
__HidataBANK0                            idataBANK0   0000
__HidataCOMRAM                           idataCOMRAM  0000
__Hidloc                                 idloc        0000
__Hifardata                              ifardata     0000
__Hinit                                  init         0004
__Hintcode                               intcode      0000
__Hintcode_body                          intcode_body 0000
__Hintcodelo                             intcodelo    0000
__Hintentry                              intentry     0000
__Hintret                                intret       0000
__Hintsave_regs                          intsave_regs 0000
__Hirdata                                irdata       0000
__Hmediumconst                           mediumconst  0000
__HnvCOMRAM                              nvCOMRAM     0000
__HnvFARRAM                              nvFARRAM     0000
__Hnvbit                                 nvbit        0000
__Hnvrram                                nvrram       0000
__Hparam                                 rparam       0000
__Hpowerup                               powerup      0000
__Hram                                   ram          0000
__Hramtop                                ramtop       1000
__Hrbit                                  rbit         0000
__Hrbss                                  rbss         0000
__Hrdata                                 rdata        0000
__Hreset_vec                             reset_vec    0000
__Hrparam                                rparam       0000
__Hsfr                                   sfr          0000
__Hsmallconst                            smallconst   1028
__Hspace_0                               (abs)        3D9C
__Hspace_1                               (abs)        00D9
__Hspace_2                               (abs)        0000
__Hspace_4                               (abs)        0000
__Hstack                                 stack        0000
__Hstruct                                struct       0000
__Htemp                                  temp         0000
__Htext                                  text         0000
__Htext0                                 text0        0000
__Htext1                                 text1        0000
__Htext10                                text10       0000
__Htext11                                text11       0000
__Htext12                                text12       0000
__Htext13                                text13       0000
__Htext14                                text14       0000
__Htext15                                text15       0000
__Htext16                                text16       0000
__Htext17                                text17       0000
__Htext18                                text18       0000
__Htext19                                text19       0000
__Htext2                                 text2        0000
__Htext20                                text20       0000
__Htext21                                text21       0000
__Htext22                                text22       0000
__Htext23                                text23       0000
__Htext24                                text24       0000
__Htext25                                text25       0000
__Htext26                                text26       0000
__Htext27                                text27       0000
__Htext28                                text28       0000
__Htext29                                text29       0000
__Htext3                                 text3        0000
__Htext30                                text30       0000
__Htext31                                text31       0000
__Htext32                                text32       0000
__Htext33                                text33       0000
__Htext34                                text34       0000
__Htext35                                text35       0000
__Htext36                                text36       0000
__Htext37                                text37       0000
__Htext38                                text38       0000
__Htext39                                text39       0000
__Htext4                                 text4        0000
__Htext40                                text40       0000
__Htext41                                text41       0000
__Htext42                                text42       0000
__Htext43                                text43       0000
__Htext44                                text44       0000
__Htext45                                text45       0000
__Htext46                                text46       0000
__Htext47                                text47       0000
__Htext5                                 text5        0000
__Htext6                                 text6        0000
__Htext7                                 text7        0000
__Htext8                                 text8        0000
__Htext9                                 text9        0000
__LRAM                                   (abs)        0001
__L__absolute__                          __absolute__ 0000
__Labs1                                  abs1         0000
__Lbank0                                 bank0        0000
__Lbank1                                 bank1        0000
__Lbank10                                bank10       0000
__Lbank11                                bank11       0000
__Lbank12                                bank12       0000
__Lbank13                                bank13       0000
__Lbank14                                bank14       0000
__Lbank15                                bank15       0000
__Lbank2                                 bank2        0000
__Lbank3                                 bank3        0000
__Lbank4                                 bank4        0000
__Lbank5                                 bank5        0000
__Lbank6                                 bank6        0000
__Lbank7                                 bank7        0000
__Lbank8                                 bank8        0000
__Lbank9                                 bank9        0000
__Lbigbss                                bigbss       0000
__Lbigdata                               bigdata      0000
__Lbigram                                bigram       0000
__Lbigsfr                                bigsfr       0000
__Lbss                                   bss          0000
__LbssBANK0                              bssBANK0     0000
__LbssCOMRAM                             bssCOMRAM    0000
__Lcinit                                 cinit        0000
__Lclrtext                               clrtext      0000
__Lcomram                                comram       0000
__Lconfig                                config       0000
__Lconst                                 const        0000
__LcstackCOMRAM                          cstackCOMRAM 0000
__Ldata                                  data         0000
__LdataBANK0                             dataBANK0    0000
__LdataCOMRAM                            dataCOMRAM   0000
__Leeprom_data                           eeprom_data  0000
__Lfarbss                                farbss       0000
__Lfardata                               fardata      0000
__Lheap                                  heap         0000
__Libigdata                              ibigdata     0000
__Lidata                                 idata        0000
__LidataBANK0                            idataBANK0   0000
__LidataCOMRAM                           idataCOMRAM  0000
__Lidloc                                 idloc        0000
__Lifardata                              ifardata     0000
__Linit                                  init         0000
__Lintcode                               intcode      0000
__Lintcode_body                          intcode_body 0000
__Lintcodelo                             intcodelo    0000
__Lintentry                              intentry     0000
__Lintret                                intret       0000
__Lintsave_regs                          intsave_regs 0000
__Lirdata                                irdata       0000
__Lmediumconst                           mediumconst  0000
__LnvCOMRAM                              nvCOMRAM     0000
__LnvFARRAM                              nvFARRAM     0000
__Lnvbit                                 nvbit        0000
__Lnvrram                                nvrram       0000
__Lparam                                 rparam       0000
__Lpowerup                               powerup      0000
__Lram                                   ram          0000
__Lramtop                                ramtop       1000
__Lrbit                                  rbit         0000
__Lrbss                                  rbss         0000
__Lrdata                                 rdata        0000
__Lreset_vec                             reset_vec    0000
__Lrparam                                rparam       0000
__Lsfr                                   sfr          0000
__Lsmallconst                            smallconst   1000
__Lspace_0                               (abs)        0000
__Lspace_1                               (abs)        0000
__Lspace_2                               (abs)        0000
__Lspace_4                               (abs)        0000
__Lstack                                 stack        0000
__Lstruct                                struct       0000
__Ltemp                                  temp         0000
__Ltext                                  text         0000
__Ltext0                                 text0        0000
__Ltext1                                 text1        0000
__Ltext10                                text10       0000
__Ltext11                                text11       0000
__Ltext12                                text12       0000
__Ltext13                                text13       0000
__Ltext14                                text14       0000
__Ltext15                                text15       0000
__Ltext16                                text16       0000
__Ltext17                                text17       0000
__Ltext18                                text18       0000
__Ltext19                                text19       0000
__Ltext2                                 text2        0000
__Ltext20                                text20       0000
__Ltext21                                text21       0000
__Ltext22                                text22       0000
__Ltext23                                text23       0000
__Ltext24                                text24       0000
__Ltext25                                text25       0000
__Ltext26                                text26       0000
__Ltext27                                text27       0000
__Ltext28                                text28       0000
__Ltext29                                text29       0000
__Ltext3                                 text3        0000
__Ltext30                                text30       0000
__Ltext31                                text31       0000
__Ltext32                                text32       0000
__Ltext33                                text33       0000
__Ltext34                                text34       0000
__Ltext35                                text35       0000
__Ltext36                                text36       0000
__Ltext37                                text37       0000
__Ltext38                                text38       0000
__Ltext39                                text39       0000
__Ltext4                                 text4        0000
__Ltext40                                text40       0000
__Ltext41                                text41       0000
__Ltext42                                text42       0000
__Ltext43                                text43       0000
__Ltext44                                text44       0000
__Ltext45                                text45       0000
__Ltext46                                text46       0000
__Ltext47                                text47       0000
__Ltext5                                 text5        0000
__Ltext6                                 text6        0000
__Ltext7                                 text7        0000
__Ltext8                                 text8        0000
__Ltext9                                 text9        0000
__S0                                     (abs)        3D9C
__S1                                     (abs)        00D9
__S4                                     (abs)        0000
__S5                                     (abs)        0000
___awdiv                                 text18       322C
___awdiv@counter                         cstackCOMRAM 0005
___awdiv@dividend                        cstackCOMRAM 0001
___awdiv@divisor                         cstackCOMRAM 0003
___awdiv@quotient                        cstackCOMRAM 0007
___awdiv@sign                            cstackCOMRAM 0006
___awmod                                 text17       32F0
___awmod@counter                         cstackCOMRAM 0005
___awmod@dividend                        cstackCOMRAM 0001
___awmod@divisor                         cstackCOMRAM 0003
___awmod@sign                            cstackCOMRAM 0006
___fladd                                 text3        1028
___fladd@a                               cstackCOMRAM 0005
___fladd@aexp                            cstackCOMRAM 000E
___fladd@b                               cstackCOMRAM 0001
___fladd@bexp                            cstackCOMRAM 000F
___fladd@grs                             cstackCOMRAM 0010
___fladd@signs                           cstackCOMRAM 000D
___fldiv                                 text42       1CC0
___fldiv@a                               cstackCOMRAM 0013
___fldiv@aexp                            cstackCOMRAM 0027
___fldiv@b                               cstackCOMRAM 000F
___fldiv@bexp                            cstackCOMRAM 0026
___fldiv@grs                             cstackCOMRAM 0022
___fldiv@new_exp                         cstackCOMRAM 0020
___fldiv@rem                             cstackCOMRAM 001B
___fldiv@sign                            cstackCOMRAM 001F
___flge                                  text5        2CF2
___flge@ff1                              cstackCOMRAM 0001
___flge@ff2                              cstackCOMRAM 0005
___flmul                                 text41       14E8
___flmul@a                               cstackCOMRAM 002C
___flmul@aexp                            cstackCOMRAM 0039
___flmul@b                               cstackCOMRAM 0028
___flmul@bexp                            cstackCOMRAM 003A
___flmul@grs                             cstackCOMRAM 0035
___flmul@prod                            cstackCOMRAM 003B
___flmul@sign                            cstackCOMRAM 0034
___flmul@temp                            cstackCOMRAM 003F
___flneg                                 text4        3CD6
___flneg@f1                              cstackCOMRAM 0001
___flsub                                 text2        3AC8
___flsub@a                               cstackCOMRAM 0015
___flsub@b                               cstackCOMRAM 0011
___fltol                                 text40       2BEC
___fltol@exp1                            cstackCOMRAM 0064
___fltol@f1                              cstackCOMRAM 005B
___fltol@sign1                           cstackCOMRAM 0063
___heap_hi                               (abs)        0000
___heap_lo                               (abs)        0000
___inthi_sp                              stack        0000
___intlo_sp                              stack        0000
___lldiv                                 text36       33A0
___lldiv@counter                         cstackCOMRAM 0019
___lldiv@dividend                        cstackCOMRAM 000D
___lldiv@divisor                         cstackCOMRAM 0011
___lldiv@quotient                        cstackCOMRAM 0015
___lmul                                  text35       38D4
___lmul@multiplicand                     cstackCOMRAM 0005
___lmul@multiplier                       cstackCOMRAM 0001
___lmul@product                          cstackCOMRAM 0009
___param_bank                            (abs)        0000
___rparam_used                           (abs)        0001
___sp                                    stack        0000
___xxtofl                                text39       22D4
___xxtofl@arg                            cstackCOMRAM 000B
___xxtofl@exp                            cstackCOMRAM 000A
___xxtofl@sign                           cstackCOMRAM 0009
___xxtofl@val                            cstackCOMRAM 0001
__accesstop                              (abs)        0080
__activetblptr                           (abs)        0002
__end_of_ADC_Configure_Channel_pin       text46       2FC2
__end_of_ADC_getConversionBlocking       text43       38D4
__end_of_ADC_getConversionResult         text47       3094
__end_of_ADC_intialize                   text37       3162
__end_of_ADC_selectChannel               text45       3A7E
__end_of_ADC_startConversion             text44       3D98
__end_of_CCP1_PWM_Intialize              text34       2EDC
__end_of_CCP1_PWM_Set_Duty               text38       2BEC
__end_of___awdiv                         text18       32F0
__end_of___awmod                         text17       33A0
__end_of___fladd                         text3        14E8
__end_of___fldiv                         text42       205A
__end_of___flge                          text5        2DF6
__end_of___flmul                         text41       1912
__end_of___flneg                         text4        3D0E
__end_of___flsub                         text2        3B0E
__end_of___fltol                         text40       2CF2
__end_of___lldiv                         text36       3444
__end_of___lmul                          text35       393E
__end_of___xxtofl                        text39       2488
__end_of__initialization                 cinit        398E
__end_of_abs                             text16       3C58
__end_of_app_init                        text25       3CD6
__end_of_dtoa                            text11       261C
__end_of_fputc                           text14       322C
__end_of_fputs                           text13       3B52
__end_of_gpio_pin_direction_intialize    text33       2760
__end_of_gpio_pin_intialize              text31       3868
__end_of_gpio_pin_write_logic            text32       288C
__end_of_lcd_8bit_intialize              text28       2ACE
__end_of_lcd_8bit_send_char              text24       3686
__end_of_lcd_8bit_send_char_pos          text22       3C98
__end_of_lcd_8bit_send_command           text29       370E
__end_of_lcd_8bit_send_string            text21       3574
__end_of_lcd_8bit_send_string_pos        text20       3B96
__end_of_lcd_8bit_set_cursor             text23       34DE
__end_of_lcd_convert_byte_to_string      text7        35FE
__end_of_main                            text0        22D4
__end_of_motor_intialize                 text27       3D46
__end_of_motor_move                      text6        3C18
__end_of_my_memset                       text19       3BD8
__end_of_pad                             text12       3788
__end_of_putch                           text15       3D9C
__end_of_roundf                          text1        1CC0
__end_of_send_8bit_enable_signal         text30       3AC8
__end_of_sprintf                         text8        3A32
__end_of_timer2_intialize                text26       37FC
__end_of_toint                           smallconst   1005
__end_of_vfpfcnvrt                       text10       29AE
__end_of_vfprintf                        text9        39E6
__initialization                         cinit        393E
__mediumconst                            mediumconst  0000
__pbssBANK0                              bssBANK0     00B2
__pbssCOMRAM                             bssCOMRAM    006F
__pcinit                                 cinit        393E
__pcstackCOMRAM                          cstackCOMRAM 0001
__pdataBANK0                             dataBANK0    0080
__pdataCOMRAM                            dataCOMRAM   007E
__pidataBANK0                            idataBANK0   3D46
__pidataCOMRAM                           idataCOMRAM  3D98
__pnvCOMRAM                              nvCOMRAM     007C
__psmallconst                            smallconst   1000
__ptext0                                 text0        205A
__ptext1                                 text1        1912
__ptext10                                text10       288C
__ptext11                                text11       2488
__ptext12                                text12       370E
__ptext13                                text13       3B0E
__ptext14                                text14       3162
__ptext15                                text15       3D9A
__ptext16                                text16       3C18
__ptext17                                text17       32F0
__ptext18                                text18       322C
__ptext19                                text19       3B96
__ptext2                                 text2        3AC8
__ptext20                                text20       3B52
__ptext21                                text21       34DE
__ptext22                                text22       3C58
__ptext23                                text23       3444
__ptext24                                text24       35FE
__ptext25                                text25       3C98
__ptext26                                text26       3788
__ptext27                                text27       3D0E
__ptext28                                text28       29AE
__ptext29                                text29       3686
__ptext3                                 text3        1028
__ptext30                                text30       3A7E
__ptext31                                text31       37FC
__ptext32                                text32       2760
__ptext33                                text33       261C
__ptext34                                text34       2DF6
__ptext35                                text35       38D4
__ptext36                                text36       33A0
__ptext37                                text37       3094
__ptext38                                text38       2ACE
__ptext39                                text39       22D4
__ptext4                                 text4        3CD6
__ptext40                                text40       2BEC
__ptext41                                text41       14E8
__ptext42                                text42       1CC0
__ptext43                                text43       3868
__ptext44                                text44       3D78
__ptext45                                text45       3A32
__ptext46                                text46       2EDC
__ptext47                                text47       2FC2
__ptext5                                 text5        2CF2
__ptext6                                 text6        3BD8
__ptext7                                 text7        3574
__ptext8                                 text8        39E6
__ptext9                                 text9        3998
__ramtop                                 ramtop       1000
__smallconst                             smallconst   1000
_abs                                     text16       3C18
_adc                                     dataBANK0    00AE
_app_init                                text25       3C98
_dbuf                                    bssBANK0     00B2
_dtoa                                    text11       2488
_dtoa$1440                               cstackCOMRAM 0020
_flags                                   bssCOMRAM    0077
_fputc                                   text14       3162
_fputs                                   text13       3B0E
_gpio_pin_direction_intialize            text33       261C
_gpio_pin_intialize                      text31       37FC
_gpio_pin_write_logic                    text32       2760
_lat_registers                           dataBANK0    0080
_lcd                                     dataBANK0    009E
_lcd_8bit_intialize                      text28       29AE
_lcd_8bit_send_char                      text24       35FE
_lcd_8bit_send_char_pos                  text22       3C58
_lcd_8bit_send_command                   text29       3686
_lcd_8bit_send_string                    text21       34DE
_lcd_8bit_send_string_pos                text20       3B52
_lcd_8bit_set_cursor                     text23       3444
_lcd_convert_byte_to_string              text7        3574
_lm35_value                              bssCOMRAM    007A
_lm35_value_in_celsuis                   nvCOMRAM     007C
_lm35_value_text                         bssBANK0     00D2
_main                                    text0        205A
_motor                                   dataCOMRAM   007E
_motor_intialize                         text27       3D0E
_motor_move                              text6        3BD8
_my_memset                               text19       3B96
_pad                                     text12       370E
_port_registers                          dataBANK0    008A
_prec                                    bssCOMRAM    0075
_putch                                   text15       3D9A
_pwm                                     dataBANK0    00A8
_roundf                                  text1        1912
_roundf$1713                             cstackCOMRAM 004F
_roundf$1714                             cstackCOMRAM 0049
_send_8bit_enable_signal                 text30       3A7E
_sprintf                                 text8        39E6
_temperature_level                       bssCOMRAM    0079
_timer2                                  bssBANK0     00D6
_timer2_intialize                        text26       3788
_tmr2_preload_value                      bssCOMRAM    0078
_tris_registers                          dataBANK0    0094
_vfpfcnvrt                               text10       288C
_vfprintf                                text9        3998
_width                                   bssCOMRAM    0073
abs@a                                    cstackCOMRAM 0007
dtoa@d                                   cstackCOMRAM 001E
dtoa@fp                                  cstackCOMRAM 001C
dtoa@i                                   cstackCOMRAM 0026
dtoa@p                                   cstackCOMRAM 0022
dtoa@s                                   cstackCOMRAM 0028
dtoa@w                                   cstackCOMRAM 0024
end_of_initialization                    cinit        398E
fputc@c                                  cstackCOMRAM 0001
fputc@fp                                 cstackCOMRAM 0003
fputs@c                                  cstackCOMRAM 000E
fputs@fp                                 cstackCOMRAM 000C
fputs@i                                  cstackCOMRAM 000F
fputs@s                                  cstackCOMRAM 000A
gpio_pin_direction_intialize@_pin_config cstackCOMRAM 0001
gpio_pin_direction_intialize@ret         cstackCOMRAM 0009
gpio_pin_intialize@_pin_config           cstackCOMRAM 000B
gpio_pin_intialize@ret                   cstackCOMRAM 000E
gpio_pin_write_logic@_pin_config         cstackCOMRAM 0001
gpio_pin_write_logic@logic               cstackCOMRAM 0003
gpio_pin_write_logic@ret                 cstackCOMRAM 000A
intlevel0                                text         0000
intlevel1                                text         0000
intlevel2                                text         0000
intlevel3                                text         0000
isa$std                                  (abs)        0001
isa$xinst                                (abs)        0000
lcd_8bit_intialize@l_counter             cstackCOMRAM 001B
lcd_8bit_intialize@lcd                   cstackCOMRAM 0017
lcd_8bit_intialize@ret                   cstackCOMRAM 001C
lcd_8bit_send_char@data                  cstackCOMRAM 0010
lcd_8bit_send_char@l_counter             cstackCOMRAM 0016
lcd_8bit_send_char@lcd                   cstackCOMRAM 000E
lcd_8bit_send_char@ret                   cstackCOMRAM 0015
lcd_8bit_send_char_pos@colomn            cstackCOMRAM 0021
lcd_8bit_send_char_pos@data              cstackCOMRAM 0022
lcd_8bit_send_char_pos@lcd               cstackCOMRAM 001E
lcd_8bit_send_char_pos@ret               cstackCOMRAM 0023
lcd_8bit_send_char_pos@row               cstackCOMRAM 0020
lcd_8bit_send_command@command            cstackCOMRAM 0010
lcd_8bit_send_command@l_counter          cstackCOMRAM 0016
lcd_8bit_send_command@lcd                cstackCOMRAM 000E
lcd_8bit_send_command@ret                cstackCOMRAM 0015
lcd_8bit_send_string@lcd                 cstackCOMRAM 0017
lcd_8bit_send_string@ret                 cstackCOMRAM 001B
lcd_8bit_send_string@string              cstackCOMRAM 0019
lcd_8bit_send_string_pos@colomn          cstackCOMRAM 0021
lcd_8bit_send_string_pos@lcd             cstackCOMRAM 001E
lcd_8bit_send_string_pos@ret             cstackCOMRAM 0024
lcd_8bit_send_string_pos@row             cstackCOMRAM 0020
lcd_8bit_send_string_pos@string          cstackCOMRAM 0022
lcd_8bit_set_cursor@colomn               cstackCOMRAM 001A
lcd_8bit_set_cursor@lcd                  cstackCOMRAM 0017
lcd_8bit_set_cursor@ret                  cstackCOMRAM 001D
lcd_8bit_set_cursor@row                  cstackCOMRAM 0019
lcd_convert_byte_to_string@index         cstackCOMRAM 0056
lcd_convert_byte_to_string@str           cstackCOMRAM 0053
lcd_convert_byte_to_string@value         cstackCOMRAM 0055
motor_intialize@motor                    cstackCOMRAM 000F
motor_intialize@ret                      cstackCOMRAM 0011
motor_move@motor                         cstackCOMRAM 000B
motor_move@ret                           cstackCOMRAM 000D
my_memset@Length                         cstackCOMRAM 0004
my_memset@StartAddress                   cstackCOMRAM 0001
my_memset@TempPtr                        cstackCOMRAM 0005
my_memset@Value                          cstackCOMRAM 0003
pad@buf                                  cstackCOMRAM 0013
pad@fp                                   cstackCOMRAM 0011
pad@i                                    cstackCOMRAM 0018
pad@p                                    cstackCOMRAM 0015
pad@w                                    cstackCOMRAM 001A
roundf@F527                              bssCOMRAM    006F
roundf@e                                 cstackCOMRAM 004D
roundf@u                                 cstackCOMRAM 0053
roundf@x                                 cstackCOMRAM 0041
roundf@y                                 cstackCOMRAM 0057
send_8bit_enable_signal@lcd              cstackCOMRAM 000B
send_8bit_enable_signal@ret              cstackCOMRAM 000D
sprintf@ap                               cstackCOMRAM 0045
sprintf@f                                cstackCOMRAM 0047
sprintf@fmt                              cstackCOMRAM 0041
sprintf@s                                cstackCOMRAM 003F
stackhi                                  (abs)        0000
stacklo                                  (abs)        0000
start                                    init         0000
start_initialization                     cinit        393E
timer2_intialize@_timer                  cstackCOMRAM 0001
timer2_intialize@ret                     cstackCOMRAM 0004
vfpfcnvrt@ap                             cstackCOMRAM 002D
vfpfcnvrt@convarg                        cstackCOMRAM 0031
vfpfcnvrt@cp                             cstackCOMRAM 0035
vfpfcnvrt@fmt                            cstackCOMRAM 002B
vfpfcnvrt@fp                             cstackCOMRAM 0029
vfprintf@ap                              cstackCOMRAM 003B
vfprintf@cfmt                            cstackCOMRAM 003D
vfprintf@fmt                             cstackCOMRAM 0039
vfprintf@fp                              cstackCOMRAM 0037


MODULE INFORMATION

Module		Function		Class		Link	Load	Size
C:\Program Files\Microchip\xc8\v2.41\pic\sources\c99\common\awmod.c
		___awmod       		CODE           	32F0	0000	176

C:\Program Files\Microchip\xc8\v2.41\pic\sources\c99\common\awmod.c estimated size: 176

C:\Program Files\Microchip\xc8\v2.41\pic\sources\c99\common\roundf.c
		_roundf        		CODE           	1912	0000	942

C:\Program Files\Microchip\xc8\v2.41\pic\sources\c99\common\roundf.c estimated size: 942

C:\Program Files\Microchip\xc8\v2.41\pic\sources\c99\common\flge.c
		___flge        		CODE           	2CF2	0000	260

C:\Program Files\Microchip\xc8\v2.41\pic\sources\c99\common\flge.c estimated size: 260

Ecu_layer/LCD/ecu_lcd.c
		_lcd_8bit_intialize		CODE           	29AE	0000	288
		_lcd_8bit_set_cursor		CODE           	3444	0000	154
		_my_memset     		CODE           	3B96	0000	66
		_lcd_8bit_send_char_pos		CODE           	3C58	0000	64
		_send_8bit_enable_signal		CODE           	3A7E	0000	74
		_lcd_convert_byte_to_string		CODE           	3574	0000	138
		_lcd_8bit_send_string		CODE           	34DE	0000	150
		_lcd_8bit_send_command		CODE           	3686	0000	136
		_lcd_8bit_send_string_pos		CODE           	3B52	0000	68
		_lcd_8bit_send_char		CODE           	35FE	0000	136

Ecu_layer/LCD/ecu_lcd.c estimated size: 1274

C:\Program Files\Microchip\xc8\v2.41\pic\sources\c99\common\Umul32.c
		___lmul        		CODE           	38D4	0000	106

C:\Program Files\Microchip\xc8\v2.41\pic\sources\c99\common\Umul32.c estimated size: 106

Mcal_layer/PWM/hal_pwm.c
		_CCP1_PWM_Set_Duty		CODE           	2ACE	0000	286
		_CCP1_PWM_Intialize		CODE           	2DF6	0000	230

Mcal_layer/PWM/hal_pwm.c estimated size: 516

C:\Program Files\Microchip\xc8\v2.41\pic\sources\c99\common\fltol.c
		___fltol       		CODE           	2BEC	0000	262

C:\Program Files\Microchip\xc8\v2.41\pic\sources\c99\common\fltol.c estimated size: 262

C:\Program Files\Microchip\xc8\v2.41\pic\sources\c99\common\xxtofl.c
		___xxtofl      		CODE           	22D4	0000	436

C:\Program Files\Microchip\xc8\v2.41\pic\sources\c99\common\xxtofl.c estimated size: 436

C:\Program Files\Microchip\xc8\v2.41\pic\sources\c99\common\__lldiv.c
		___lldiv       		CODE           	33A0	0000	164

C:\Program Files\Microchip\xc8\v2.41\pic\sources\c99\common\__lldiv.c estimated size: 164

C:\Program Files\Microchip\xc8\v2.41\pic\sources\c99\common\nf_fputc.c
		_fputc         		CODE           	3162	0000	202

C:\Program Files\Microchip\xc8\v2.41\pic\sources\c99\common\nf_fputc.c estimated size: 202

C:\Program Files\Microchip\xc8\v2.41\pic\sources\c99\common\nf_sprintf.c
		_sprintf       		CODE           	39E6	0000	76

C:\Program Files\Microchip\xc8\v2.41\pic\sources\c99\common\nf_sprintf.c estimated size: 76

C:\Program Files\Microchip\xc8\v2.41\pic\sources\c99\common\sprcadd.c
		___flsub       		CODE           	3AC8	0000	70
		___fladd       		CODE           	1028	0000	1216

C:\Program Files\Microchip\xc8\v2.41\pic\sources\c99\common\sprcadd.c estimated size: 1286

C:\Program Files\Microchip\xc8\v2.41\pic\sources\c99\common\awdiv.c
		___awdiv       		CODE           	322C	0000	196

C:\Program Files\Microchip\xc8\v2.41\pic\sources\c99\common\awdiv.c estimated size: 196

C:\Program Files\Microchip\xc8\v2.41\pic\sources\c99\common\abs.c
		_abs           		CODE           	3C18	0000	64

C:\Program Files\Microchip\xc8\v2.41\pic\sources\c99\common\abs.c estimated size: 64

C:\Program Files\Microchip\xc8\v2.41\pic\sources\c99\common\doprnt.c
		_vfpfcnvrt     		CODE           	288C	0000	290
		_pad           		CODE           	370E	0000	122
		_dtoa          		CODE           	2488	0000	404
		_vfprintf      		CODE           	3998	0000	78

C:\Program Files\Microchip\xc8\v2.41\pic\sources\c99\common\doprnt.c estimated size: 894

C:\Program Files\Microchip\xc8\v2.41\pic\sources\c99\common\flneg.c
		___flneg       		CODE           	3CD6	0000	56

C:\Program Files\Microchip\xc8\v2.41\pic\sources\c99\common\flneg.c estimated size: 56

Mcal_layer/ADC/hal_adc.c
		_ADC_intialize 		CODE           	3094	0000	206
		_ADC_startConversion		CODE           	3D78	0000	32
		_ADC_selectChannel		CODE           	3A32	0000	76
		_ADC_getConversionBlocking		CODE           	3868	0000	108
		_ADC_Configure_Channel_pin		CODE           	2EDC	0000	230
		_ADC_getConversionResult		CODE           	2FC2	0000	210

Mcal_layer/ADC/hal_adc.c estimated size: 862

Mcal_layer/GPIO/hal_gpio.c
		_gpio_pin_write_logic		CODE           	2760	0000	300
		_gpio_pin_intialize		CODE           	37FC	0000	108
		_gpio_pin_direction_intialize		CODE           	261C	0000	324

Mcal_layer/GPIO/hal_gpio.c estimated size: 732

shared
		__initialization		CODE           	393E	0000	80
		_toint         		SMALLCONST     	0000	0000	0

shared estimated size: 80

app.c
		_main          		CODE           	205A	0000	634
		_app_init      		CODE           	3C98	0000	62

app.c estimated size: 696

Ecu_layer/Motor/ecu_motor.c
		_motor_intialize		CODE           	3D0E	0000	56
		_motor_move    		CODE           	3BD8	0000	64

Ecu_layer/Motor/ecu_motor.c estimated size: 120

C:\Program Files\Microchip\xc8\v2.41\pic\sources\c99\common\putch.c
		_putch         		CODE           	3D9A	0000	2

C:\Program Files\Microchip\xc8\v2.41\pic\sources\c99\common\putch.c estimated size: 2

C:\Program Files\Microchip\xc8\v2.41\pic\sources\c99\common\nf_fputs.c
		_fputs         		CODE           	3B0E	0000	68

C:\Program Files\Microchip\xc8\v2.41\pic\sources\c99\common\nf_fputs.c estimated size: 68

Mcal_layer/Timer2/hal_timer2.c
		_timer2_intialize		CODE           	3788	0000	116

Mcal_layer/Timer2/hal_timer2.c estimated size: 116

C:\Program Files\Microchip\xc8\v2.41\pic\sources\c99\common\sprcmul.c
		___flmul       		CODE           	14E8	0000	1066

C:\Program Files\Microchip\xc8\v2.41\pic\sources\c99\common\sprcmul.c estimated size: 1066

C:\Program Files\Microchip\xc8\v2.41\pic\sources\c99\common\sprcdiv.c
		___fldiv       		CODE           	1CC0	0000	922

C:\Program Files\Microchip\xc8\v2.41\pic\sources\c99\common\sprcdiv.c estimated size: 922

